11:29:04 **** Build of configuration Debug for project lwip_test_bsp_xgpiops_polled_example_1 ****
make pre-build main-build 
a9-linaro-pre-build-step
' '
'Building file: ../src/xgpiops_polled_example.c'
'Invoking: ARM v7 gcc compiler'
arm-none-eabi-gcc -Wall -O0 -g3 -c -fmessage-length=0 -MT"src/xgpiops_polled_example.o" -mcpu=cortex-a9 -mfpu=vfpv3 -mfloat-abi=hard -I../../lwip_test_bsp/ps7_cortexa9_0/include -MMD -MP -MF"src/xgpiops_polled_example.d" -MT"src/xgpiops_polled_example.o" -o "src/xgpiops_polled_example.o" "../src/xgpiops_polled_example.c"
'Finished building: ../src/xgpiops_polled_example.c'
' '
'Building target: lwip_test_bsp_xgpiops_polled_example_1.elf'
'Invoking: ARM v7 gcc linker'
arm-none-eabi-gcc -mcpu=cortex-a9 -mfpu=vfpv3 -mfloat-abi=hard -Wl,-build-id=none -specs=Xilinx.spec -Wl,-T -Wl,../src/lscript.ld -L../../lwip_test_bsp/ps7_cortexa9_0/lib -o "lwip_test_bsp_xgpiops_polled_example_1.elf"  ./src/xgpiops_polled_example.o   -Wl,--start-group,-lxil,-lfreertos,-lgcc,-lc,--end-group -Wl,--start-group,-lxil,-llwip4,-lgcc,-lc,--end-group
'Finished building target: lwip_test_bsp_xgpiops_polled_example_1.elf'
' '
'Invoking: ARM v7 Print Size'
arm-none-eabi-size lwip_test_bsp_xgpiops_polled_example_1.elf  |tee "lwip_test_bsp_xgpiops_polled_example_1.elf.size"
   text	   data	    bss	    dec	    hex	filename
  97104	   4180	  89440	 190724	  2e904	lwip_test_bsp_xgpiops_polled_example_1.elf
'Finished building: lwip_test_bsp_xgpiops_polled_example_1.elf.size'
' '

11:29:05 Build Finished (took 1s.670ms)

